Script started on Tue May  5 14:57:32 2015
[?1034hbash-3.2$ this is a test
bash: this: command not found
bash-3.2$ this is a test
bash: this: command not found
bash-3.2$ this is a test
bash: this: command not found
bash-3.2$ Whtis a;sjsjsksisjjkjsksslsksj
bash-3.2$ So 
bash-3.2$ 
bash-3.2$ [H[2Jbash-3.2$ [H[2Jbash-3.2$ [H[2Jbash-3.2$ [H[2Jbash-3.2$ [H[2Jbash-3.2$ this is ata[K[K[K[K[K[K[K[K[K[K[KThis s[K[K[K[K[K[Kcd ..
bash-3.2$ ls
GPS_Test.lisp			habit-vim			solarsurge
arduimugps			jacked				spreed
assignment_exchange_try2	old_projects			vioso
flashage			oleardusim
bash-3.2$ cd spreed
bash-3.2$ ls
README.md		spreed			spreed.xcodeproj	spreedTests
bash-3.2$ cd [K[K[Kv[Kvim README.md 
[?1049h[?1h=[1;48r[?12;25h[?12l[?25h[27m[m[H[2J[?25l[47;1H"README.md" 0L, 0C[>c[1;1H[1m README.md [m[7m                                                                                             [m[3;1H[34m~                                                                                                       [4;1H~                                                                                                       [5;1H~                                                                                                       [6;1H~                                                                                                       [7;1H~                                                                                                       [8;1H~                                                                                                       [9;1H~                                                                                                       [10;1H~                                                                                                       [11;1H~                                                                                                       [12;1H~                                                                                                       [13;1H~                                                                                                       [14;1H~                                                                                                       [15;1H~                                                                                                       [16;1H~                                                                                                       [17;1H~                                                                                                       [18;1H~                                                                                                       [19;1H~                                                                                                       [20;1H~                                                                                                       [21;1H~                                                                                                       [22;1H~                                                                                                       [23;1H~                                                                                                       [24;1H~                                                                                                       [25;1H~                                                                                                       [26;1H~                                                                                                       [27;1H~                                                                                                       [28;1H~                                                                                                       [29;1H~                                                                                                       [30;1H~                                                                                                       [31;1H~                                                                                                       [32;1H~                                                                                                       [33;1H~                                                                                                       [34;1H~                                                                                                       [35;1H~                                                                                                       [36;1H~                                                                                                       [37;1H~                                                                                                       [38;1H~                                                                                                       [39;1H~                                                                                                       [40;1H~                                                                                                       [41;1H~                                                                                                       [42;1H~                                                                                                       [43;1H~                                                                                                       [44;1H~                                                                                                       [45;1H~                                                                                                       [?12l[?25h[m[46;1H[1m[7m ~/Projects/spreed/README.md   CWD: /Users/dniced/Projects/spreed   Line: 0                             [2;1H[?25l[m[47;1H[K[47;1H:[?12l[?25hq[?25l
[47;1H[K[48;1H[?1l>[?12l[?25h[?1049lbash-3.2$  [Kcd ..
bash-3.2$ sl
bash: sl: command not found
bash-3.2$ cd[K[Kls
GPS_Test.lisp			habit-vim			solarsurge
arduimugps			jacked				spreed
assignment_exchange_try2	old_projects			vioso
flashage			oleardusim
bash-3.2$ cd kj[K[K[K [K [K[K[Kcd [K[K[Kcd vioso/
bash-3.2$ ls
README.md	prototype.sh	run_osx.sh	test.txt	vioso.py
bash-3.2$ vim prototype.sh [K[K[K[K[K[K[K[K[K[K[K[K[K[K[K[K[Krm prototype.sh 
bash-3.2$ ls
README.md	run_osx.sh	test.txt	vioso.py
bash-3.2$ vim README.md 
[?1049h[?1h=[1;48r[?12;25h[?12l[?25h[27m[m[H[2J[?25l[47;1H"README.md" 10L, 698C[>c[1;1H[1m README.md [m[7m                                                                                             [m[2;1H[35m## vioso[m[4;4H The idea behind vioso is to turn your make your vim sessions (and in the future, coding session)     [5;1Hmusical.  I was inspired by touchpianist.com as seen on reddit.  Imagine it like a generic, high-level   [6;1Hguitar hero for programming.  In theory, I suppose that you could use this tool to improve your flow...  [7;1Hthough I don't know how my brain will respond to pauses in the song.[9;4H This is just a prototype to see how it feels to "make music" while I code.


[35m# current implementation[m[14;4H The current implementation uses selenium to open up touchpianist.com and reads continuously from a   [15;1Hfile called test.txt.  Future implementation will use habit vim to continuously update the logfile.
[34m~                                                                                                       [17;1H~                                                                                                       [18;1H~                                                                                                       [19;1H~                                                                                                       [20;1H~                                                                                                       [21;1H~                                                                                                       [22;1H~                                                                                                       [23;1H~                                                                                                       [24;1H~                                                                                                       [25;1H~                                                                                                       [26;1H~                                                                                                       [27;1H~                                                                                                       [28;1H~                                                                                                       [29;1H~                                                                                                       [30;1H~                                                                                                       [31;1H~                                                                                                       [32;1H~                                                                                                       [33;1H~                                                                                                       [34;1H~                                                                                                       [35;1H~                                                                                                       [36;1H~                                                                                                       [37;1H~                                                                                                       [38;1H~                                                                                                       [39;1H~                                                                                                       [40;1H~                                                                                                       [41;1H~                                                                                                       [42;1H~                                                                                                       [43;1H~                                                                                                       [44;1H~                                                                                                       [45;1H~                                                                                                       [?12l[?25h[m[46;1H[1m[7m ~/Projects/vioso/README.md   CWD: /Users/dniced/Projects/vioso   Line: 10                              [15;99H[14;99H[46;73H9  [13;1H[46;73H8 [12;24H[46;73H7 [11;1H[46;73H6 [10;1H[46;73H5 [9;78H[46;73H4 [8;1H[46;73H3 [7;68H[6;99H[5;99H[6;99H[7;68H[46;73H4 [8;1H[46;73H5 [9;78H[?25l[m[48;1H[33m-- INSERT --[9;79H[?12l[?25h[m[48;1H[K[9;78H[?25l[47;1H[K[?12l[?25h[46;73H[1m[7m6 [10;1H[46;73H7 [11;1H[46;73H8 [12;24H[46;73H9 [13;1H[46;73H10[14;78H[15;78H[14;78H[15;78H[14;78H[46;73H9  [13;1H[46;73H10[14;78H[15;78H[mly updat[?25l[48;1H[33m-- INSERT --[15;100H[?12l[?25h[m[48;1H[K[15;99H[?25l[?12l[?25h[14;99H[46;73H[1m[7m9  [13;1H[46;73H8 [12;24H[46;73H7 [11;1H[46;73H6 [10;1H[46;73H9 [13;1H[46;73H10[15;99H[?25l[m[48;1H[33m-- INSERT --[m[1;2H[1m+E AREADME.md [m[16;1H    [16;5H[K[46;28H[1m[7m[+]   CWD: /Users/dniced/Projects/vioso   Line: 11[16;5H[?12l[?25h[?25l[m
    [17;5H[K[46;77H[1m[7m2 [17;5H[?12l[?25h[?25l[m
    [18;5H[K[46;77H[1m[7m3 [18;5H[?12l[?25h[?25l[?12l[?25h[?25l[m[34m~                                                                                                       [m[46;77H[1m[7m2 [17;1H[?12l[?25h[?25l[m[35m#[?12l[?25h[?25l [?12l[?25h[?25l r[?12l[?25h[?25lre[?12l[?25h[?25leq[?12l[?25h[?25lqu[?12l[?25h[?25lui[?12l[?25h[?25lir[?12l[?25h[?25lre[?12l[?25h[?25l[m[17;9H[K[17;9H[?12l[?25h[?25l[17;8H[K[17;8H[?12l[?25h[?25l[17;7H[K[17;7H[?12l[?25h[?25l[17;6H[K[17;6H[?12l[?25h[?25l[17;5H[K[17;5H[?12l[?25h[?25l[17;4H[K[17;4H[?12l[?25h[?25l[17;3H[K[17;3H[?12l[?25h[?25l[35m d[?12l[?25h[?25ldp[?12l[?25h[?25lpe[?12l[?25h[?25len[?12l[?25h[?25l[m[17;6H[K[17;6H[?12l[?25h[?25l[17;5H[K[17;5H[?12l[?25h[?25l[17;4H[K[17;4H[?12l[?25h[?25l[35mde[?12l[?25h[?25lep[?12l[?25h[?25lpe[?12l[?25h[?25len[?12l[?25h[?25lnd[?12l[?25h[?25ldi[?12l[?25h[?25l[m[17;9H[K[17;9H[?12l[?25h[?25l[35mde[?12l[?25h[?25len[?12l[?25h[?25lnc[?12l[?25h[?25lci[?12l[?25h[?25lie[?12l[?25h[?25les[?12l[?25h[?25l[m[18;1H[K[46;77H[1m[7m3 [18;1H[?12l[?25h[?25l[m[19;1H[K[46;77H[1m[7m4 [19;1H[?12l[?25h[?25l[m[20;1H[K[46;77H[1m[7m5 [20;1H[?12l[?25h[?25l[m[34m~                                                                                                       [m[46;77H[1m[7m4 [19;1H[?12l[?25h[m[48;1H[K[19;1H[?25l[?12l[?25h[46;77H[1m[7m3 [18;1H[46;77H1 [16;1H[46;76H9  [13;1H[46;76H7 [11;1H[46;76H4 [8;1H[46;76H2 [3;1H[46;76H1 [2;1H[?25l[m[35m# vioso[m[2;8H[K[2;1H[?12l[?25h[46;76H[1m[7m2 [3;1H[46;76H4 [8;1H[46;76H6 [10;1H[46;76H9 [13;1H[46;76H8 [12;1H[?25l[m[48;1H[33m-- INSERT --[12;1H[?12l[?25h[?25l[m[35m## current implementation#[?12l[?25h[m[48;1H[K[12;1H[?25l[?12l[?25h[46;76H[1m[7m9 [13;1H[46;76H10[14;1H
[46;77H1 [16;1H[46;77H2 [17;1H[?25l[m[48;1H[33m-- INSERT --[17;1H[?12l[?25h[?25l[m[35m## dependencies#[?12l[?25h[m[48;1H[K[17;1H[?25l[?12l[?25h[46;77H[1m[7m3 [18;1H[?25l[m[48;1H[33m-- INSERT --[18;1H[?12l[?25h[?25l[m    [?12l[?25h[?25l[19;45r[19;1H[L[1;48r[48;1H[K[48;1H[33m-- INSERT --[m[46;77H[1m[7m4 [19;5H[?12l[?25h[?25l[m t[?12l[?25h[?25lth[?12l[?25h[?25lhi[?12l[?25h[?25lis[?12l[?25h[?25l [?12l[?25h[?25l[?12l[?25h[?25l[19;8H[K[19;8H[?12l[?25h[?25l[19;7H[K[19;7H[?12l[?25h[?25l[19;6H[K[19;6H[?12l[?25h[?25l[19;5H[K[19;5H[?12l[?25h[?25l T[?12l[?25h[?25l[19;5H[K[19;5H[?12l[?25h[?25l T[?12l[?25h[?25lTh[?12l[?25h[?25lhe[?12l[?25h[?25l [?12l[?25h[?25l c[?12l[?25h[?25lcu[?12l[?25h[?25lur[?12l[?25h[?25lrr[?12l[?25h[?25lre[?12l[?25h[?25len[?12l[?25h[?25lnt[?12l[?25h[?25l [?12l[?25h[?25l[?12l[?25h[?25l[19;15H[K[19;15H[?12l[?25h[?25l[19;14H[K[19;14H[?12l[?25h[?25l[19;13H[K[19;13H[?12l[?25h[?25l[19;12H[K[19;12H[?12l[?25h[?25l[19;11H[K[19;11H[?12l[?25h[?25l[19;10H[K[19;10H[?12l[?25h[?25l[19;9H[K[19;9H[?12l[?25h[?25l[?12l[?25h[?25l[19;7H[K[19;7H[?12l[?25h[?25l[19;6H[K[19;6H[?12l[?25h[?25l[19;5H[K[19;5H[?12l[?25h[?25l y[?12l[?25h[?25lyo[?12l[?25h[?25lou[?12l[?25h[?25lu'[?12l[?25h[?25l'l[?12l[?25h[?25lll[?12l[?25h[?25l [?12l[?25h[?25l n[?12l[?25h[?25lne[?12l[?25h[?25lee[?12l[?25h[?25led[?12l[?25h[?25l [?12l[?25h[?25l t[?12l[?25h[?25lto[?12l[?25h[?25l [?12l[?25h[?25l i[?12l[?25h[?25lin[?12l[?25h[?25lns[?12l[?25h[?25lst[?12l[?25h[?25lta[?12l[?25h[?25lal[?12l[?25h[?25lll[?12l[?25h[?25l [?12l[?25h[?25l v[?12l[?25h[?25lvi[?12l[?25h[?25l[19;29H[K[19;29H[?12l[?25h[?25l[19;28H[K[19;28H[?12l[?25h[?25l[?12l[?25h[?25l[19;26H[K[19;26H[?12l[?25h[?25lll[?12l[?25h[48;1H[K[19;26H[?25l[?12l[?25h[46;77H[1m[7m3 [18;4H[46;77H2 [17;15H[46;77H1 [16;1H[46;77H0 [15;26H[?25l[m[48;1H[33m-- INSERT --[15;22H[?12l[?25h[?25l[mt  Future implementation will use habit vim to continuously update the logfile.[15;99H[K[15;21H[?12l[?25h[?25lx  Future implementation will use habit vim to continuously update the logfile.[15;98H[K[15;20H[?12l[?25h[?25lt  Future implementation will use habit vim to continuously update the logfile.[15;97H[K[15;19H[?12l[?25h[?25l.  Future implementation will use habit vim to continuously update the logfile.[15;96H[K[15;18H[?12l[?25h[?25lt  Future implementation will use habit vim to continuously update the logfile.[15;95H[K[15;17H[?12l[?25h[?25ls  Future implementation will use habit vim to continuously update the logfile.[15;94H[K[15;16H[?12l[?25h[?25le  Future implementation will use habit vim to continuously update the logfile.[15;93H[K[15;15H[?12l[?25h[?25lt  Future implementation will use habit vim to continuously update the logfile.[15;92H[K[15;14H[?12l[?25h[?25l   Future implementation will use habit vim to continuously update the logfile.[15;91H[K[15;13H[?12l[?25h[?25l Future implementation will use habit vim to continuously update the logfile.[15;90H[K[15;12H[?12l[?25h[?25l   Future implementation will use habit vim to continuously update the logfile.[15;13H[?12l[?25h[?25l p  Future implementation will use habit vim to continuously update the logfile.[15;14H[?12l[?25h[?25lpr  Future implementation will use habit vim to continuously update the logfile.[15;15H[?12l[?25h[?25lro  Future implementation will use habit vim to continuously update the logfile.[15;16H[?12l[?25h[?25lov  Future implementation will use habit vim to continuously update the logfile.[15;17H[?12l[?25h[?25lvi  Future implementation will use habit vim to continuously update the logfile.[15;18H[?12l[?25h[?25lid  Future implementation will use habit vim to continuously update the logfile.[15;19H[?12l[?25h[?25lde  Future implementation will use habit vim to continuously update the logfile.[15;20H[?12l[?25h[?25led  Future implementation will use habit vim to continuously update the logfile.[15;21H[?12l[?25h[?25l   Future implementation will use habit vim to continuously update the logfile.[15;22H[?12l[?25h[?25l y  Future implementation will use habit vim to continuously update the logfile.[15;23H[?12l[?25h[?25l   Future implementation will use habit vim to continuously update the logfile.[15;24H[?12l[?25h[?25l Future implementation will use habit vim to continuously update the logfile.[15;101H[K[15;23H[?12l[?25h[?25l   Future implementation will use habit vim to continuously update the logfile.[15;100H[K[15;22H[?12l[?25h[?25l Future implementation will use habit vim to continuously update the logfile.[15;99H[K[15;21H[?12l[?25h[?25l   Future implementation will use habit vim to continuously update the logfile.[15;22H[?12l[?25h[?25l a  Future implementation will use habit vim to continuously update the logfile.[15;23H[?12l[?25h[?25las  Future implementation will use habit vim to continuously update the logfile.[15;24H[?12l[?25h[?25l   Future implementation will use habit vim to continuously update the logfile.[15;25H[?12l[?25h[?25l a  Future implementation will use habit vim to continuously update the logfile.[15;26H[?12l[?25h[?25lar  Future implementation will use habit vim to continuously update the logfile.[15;27H[?12l[?25h[?25l[16;45r[16;1H[L[1;48r[15;26Hrg  Future implementation will use habit vim to continuously update the         [16;1Hlogfile.[48;1H[K[48;1H[33m-- INSERT --[15;28H[?12l[?25h[?25l[mgu  Future implementation will use habit vim to continuously update the        [16;1Hl[15;29H[?12l[?25h[?25lum  Future implementation will use habit vim to continuously update the       [16;1Hl[15;30H[?12l[?25h[?25lme  Future implementation will use habit vim to continuously update the      [16;1Hl[15;31H[?12l[?25h[?25len  Future implementation will use habit vim to continuously update the     [16;1Hl[15;32H[?12l[?25h[?25lnt  Future implementation will use habit vim to continuously update the    [16;1Hl[15;33H[?12l[?25h[?25l   Future implementation will use habit vim to continuously update the   [16;1Hl[15;34H[?12l[?25h[?25l 2  Future implementation will use habit vim to continuously update the  [16;1Hl[15;35H[?12l[?25h[?25l   Future implementation will use habit vim to continuously update     [16;1Hthe logfile.[15;36H[?12l[?25h[?25l t  Future implementation will use habit vim to continuously update    [16;1Ht[15;37H[?12l[?25h[?25lto  Future implementation will use habit vim to continuously update   [16;1Ht[15;38H[?12l[?25h[?25l   Future implementation will use habit vim to continuously update  [16;1Ht[15;39H[?12l[?25h[?25l Future implementation will use habit vim to continuously update   [16;1Ht[15;38H[?12l[?25h[?25lt  Future implementation will use habit vim to continuously update    [16;1Ht[15;37H[?12l[?25h[?25l   Future implementation will use habit vim to continuously update     [16;1Ht[15;36H[?12l[?25h[?25l Future implementation will use habit vim to continuously update the  [16;1Hlogfile.[16;9H[K[15;35H[?12l[?25h[?25l   Future implementation will use habit vim to continuously update the   [16;1Hl[15;34H[?12l[?25h[?25l Future implementation will use habit vim to continuously update the    [16;1Hl[15;33H[?12l[?25h[?25l   Future implementation will use habit vim to continuously update the   [16;1Hl[15;34H[?12l[?25h[?25l m  Future implementation will use habit vim to continuously update the  [16;1Hl[15;35H[?12l[?25h[?25l   Future implementation will use habit vim to continuously update the   [16;1Hl[15;34H[?12l[?25h[?25l Future implementation will use habit vim to continuously update the    [16;1Hl[15;33H[?12l[?25h[?25l   Future implementation will use habit vim to continuously update the   [16;1Hl[15;34H[?12l[?25h[?25l t  Future implementation will use habit vim to continuously update the  [16;1Hl[15;35H[?12l[?25h[?25lto  Future implementation will use habit vim to continuously update     [16;1Hthe logfile.[15;36H[?12l[?25h[?25l   Future implementation will use habit vim to continuously update    [16;1Ht[15;37H[?12l[?25h[?25l v  Future implementation will use habit vim to continuously update   [16;1Ht[15;38H[?12l[?25h[?25lvi  Future implementation will use habit vim to continuously update  [16;1Ht[15;39H[?12l[?25h[?25lio  Future implementation will use habit vim to continuously        [16;1Hupdate the logfile.[15;40H[?12l[?25h[?25los  Future implementation will use habit vim to continuously       [16;1Hu[15;41H[?12l[?25h[?25lso  Future implementation will use habit vim to continuously      [16;1Hu[15;42H[?12l[?25h[48;1H[K[15;41H[?25l[?12l[?25h[?25l[47;1H:[?12l[?25hw[?25l"README.md" 15L, 768C written[1;2H[1mREADME.mdm d[m[7m  [m[46;28H[1m[7m   CWD: /Users/dniced/Projects/vioso   Line: 10    [15;41H[?12l[?25h[16;19H[46;74H1 [17;1H[46;74H2 [18;15H[46;74H3 [19;4H[46;74H4 [20;26H[46;74H5 [21;1H[46;74H4 [20;26H[46;74H3 [19;4H[46;74H2 [18;15H[46;74H1 [17;1H[46;74H0 [16;19H[15;41H[14;41H[15;41H[mo[?25l[48;1H[33m-- INSERT --[15;42H[?12l[?25h[m[1;2H[1m+E AREADME.md [?25l[m[15;41Ho.  Future implementation will use habit vim to continuously     [16;1Hu[46;28H[1m[7m[+]   CWD: /Users/dniced/Projects/vioso   Line: 10[15;43H[?12l[?25h[?25l[m.p  Future implementation will use habit vim to continuously    [16;1Hu[15;44H[?12l[?25h[?25lpy  Future implementation will use habit vim to continuously   [16;1Hu[15;45H[?12l[?25h[48;1H[K[15;44H[?25l[47;1H[K[?12l[?25h[?25l[47;1H:[?12l[?25hw[?25l"README.md" 15L, 771C written[1;2H[1mREADME.mdm d[m[7m  [m[46;28H[1m[7m   CWD: /Users/dniced/Projects/vioso   Line: 10    [15;44H[?12l[?25h[46;74H1 [17;1H[46;74H5 [21;1H[?25l[m[47;1H[K[47;1H:[?12l[?25hw[?25l"README.md" 15L, 771C written[21;1H[?12l[?25h[46;74H[1m[7m4 [20;1H[?25l[m[48;1H[33m-- INSERT --[20;27H[?12l[?25h[m[48;1H[K[20;26H[?25l[47;1H[K[20;26H[?12l[?25h[?25l[48;1H[33m-- INSERT --[20;27H[?12l[?25h[m[1;2H[1m+E AREADME.md [?25l[m[20;26H[K[46;28H[1m[7m[+]   CWD: /Users/dniced/Projects/vioso   Line: 14[20;26H[?12l[?25h[?25l[m[20;25H[K[20;25H[?12l[?25h[?25l[20;24H[K[20;24H[?12l[?25h[?25l[20;23H[K[20;23H[?12l[?25h[?25l[20;22H[K[20;22H[?12l[?25h[?25l[20;21H[K[20;21H[?12l[?25h[?25l[20;20H[K[20;20H[?12l[?25h[?25l[?12l[?25h[?25l[20;18H[K[20;18H[?12l[?25h[?25l[20;17H[K[20;17H[?12l[?25h[?25l[?12l[?25h[?25l[20;15H[K[20;15H[?12l[?25h[?25l[20;14H[K[20;14H[?12l[?25h[?25l[20;13H[K[20;13H[?12l[?25h[?25l[20;12H[K[20;12H[?12l[?25h[?25l[?12l[?25h[?25l[20;10H[K[20;10H[?12l[?25h[?25l[20;9H[K[20;9H[?12l[?25h[?25l[20;8H[K[20;8H[?12l[?25h[?25l[20;7H[K[20;7H[?12l[?25h[?25l[20;6H[K[20;6H[?12l[?25h[?25l[20;5H[K[20;5H[?12l[?25h[?25l s[?12l[?25h[?25lse[?12l[?25h[?25lel[?12l[?25h[?25lle[?12l[?25h[?25len[?12l[?25h[?25lne[?12l[?25h[?25l[20;10H[K[20;10H[?12l[?25h[?25l[20;9H[K[20;9H[?12l[?25h[?25l[20;8H[K[20;8H[?12l[?25h[?25l[20;7H[K[20;7H[?12l[?25h[?25l[20;6H[K[20;6H[?12l[?25h[?25l[20;5H[K[20;5H[?12l[?25h[?25l[?12l[?25h[?25l    [?12l[?25h[?25l[?12l[?25h[?25l&[?12l[?25h[?25l[20;1H[K[20;1H[?12l[?25h[?25l*[?12l[?25h[?25l [?12l[?25h[?25l[33m*[m s[?12l[?25h[?25lse[?12l[?25h[?25lel[?12l[?25h[?25lle[?12l[?25h[?25len[?12l[?25h[?25lni[?12l[?25h[?25liu[?12l[?25h[?25lum[?12l[?25h[?25l[21;45r[21;1H[L[1;48r[48;1H[K[48;1H[33m-- INSERT --[m[46;77H[1m[7m5 [21;1H[?12l[?25h[?25l[m    [?12l[?25h[?25l[22;45r[22;1H[L[1;48r[48;1H[K[48;1H[33m-- INSERT --[m[46;77H[1m[7m6 [22;5H[?12l[?25h[?25l[m p[?12l[?25h[?25lpi[?12l[?25h[?25lip[?12l[?25h[?25l [?12l[?25h[?25l i[?12l[?25h[?25lin[?12l[?25h[?25lns[?12l[?25h[?25lst[?12l[?25h[?25lta[?12l[?25h[?25lal[?12l[?25h[?25lll[?12l[?25h[?25l [?12l[?25h[?25l s[?12l[?25h[?25lse[?12l[?25h[?25lel[?12l[?25h[?25lle[?12l[?25h[?25len[?12l[?25h[?25lni[?12l[?25h[?25liu[?12l[?25h[?25lum[?12l[?25h[48;1H[K[22;24H[?25l[?12l[?25h[?25l[47;1H:[?12l[?25hw[?25l"README.md" 17L, 785C written[1;2H[1mREADME.mdm d[m[7m  [m[46;28H[1m[7m   CWD: /Users/dniced/Projects/vioso   Line: 16    [22;24H[?12l[?25h[?25l[m[47;1H[K[47;1H:[?12l[?25hwq[?25l"README.md" 17L, 785C written

[?1l>[?12l[?25h[?1049lbash-3.2$ ls
README.md	run_osx.sh	vioso.py
bash-3.2$ git add -A :/
